Cisternendaten empfangen:
  Wasserstand: 28.6 cm
  ADC-Wert: 391
  Pumpe aktiv: NEIN
  Pumpen-Alarm: NEIN
  Letzte Pumpdauer: 880 s
  RSSI: -64 dBm
Cisternendaten empfangen:
  Wasserstand: 28.6 cm
  ADC-Wert: 391
  Pumpe aktiv: NEIN
  Pumpen-Alarm: NEIN
  Letzte Pumpdauer: 880 s
  RSSI: -64 dBm
Cisternendaten empfangen:
  Wasserstand: 28.5 cm
  ADC-Wert: 389
  Pumpe aktiv: NEIN
  Pumpen-Alarm: NEIN
  Letzte Pumpdauer: 880 s
  RSSI: -65 dBm
Chart-Iterator: 1917 Archiv + 75 RAM = 1992 gesamt
Cisternendaten empfangen:
  Wasserstand: 28.7 cm
  ADC-Wert: 392
  Pumpe aktiv: NEIN
  Pumpen-Alarm: NEIN
  Letzte Pumpdauer: 880 s
  RSSI: -34 dBm
Chart: currentCycleStartTime=1778654251, maxTimeFromStart=175, validPoints=75
Chart: Archiv=1917, RAM=76, Total=1992
Cisternendaten empfangen:
  Wasserstand: 28.6 cm
  ADC-Wert: 390
  Pumpe aktiv: NEIN
  Pumpen-Alarm: NEIN
  Letzte Pumpdauer: 880 s
  RSSI: -80 dBm
X-Achsen-Beschriftung: labelInterval=600, maxTimeScale=600
  Label: relativeTimeSeconds=0 -> '0' at x=60
  Label: relativeTimeSeconds=600 -> '10min' at x=460
Cisternendaten empfangen:
  Wasserstand: 28.6 cm
  ADC-Wert: 390
  Pumpe aktiv: NEIN
  Pumpen-Alarm: NEIN
  Letzte Pumpdauer: 880 s
  RSSI: -82 dBm
Chart-Iterator: 1917 Archiv + 78 RAM = 1995 gesamt
Cisternendaten empfangen:
  Wasserstand: 28.6 cm
  ADC-Wert: 391
  Pumpe aktiv: NEIN
  Pumpen-Alarm: NEIN
  Letzte Pumpdauer: 880 s
  RSSI: -81 dBm
Chart: currentCycleStartTime=1778654251, maxTimeFromStart=182, validPoints=78
Chart: Archiv=1917, RAM=79, Total=1995
Cisternendaten empfangen:
  Wasserstand: 28.5 cm
  ADC-Wert: 389
  Pumpe aktiv: NEIN
  Pumpen-Alarm: NEIN
  Letzte Pumpdauer: 880 s
  RSSI: -65 dBm
X-Achsen-Beschriftung: labelInterval=600, maxTimeScale=600
  Label: relativeTimeSeconds=0 -> '0' at x=60
  Label: relativeTimeSeconds=600 -> '10min' at x=460
Cisternendaten empfangen:
  Wasserstand: 28.4 cm
  ADC-Wert: 388
  Pumpe aktiv: NEIN
  Pumpen-Alarm: NEIN
  Letzte Pumpdauer: 880 s
  RSSI: -46 dBm
Cisternendaten empfangen:
  Wasserstand: 28.4 cm
  ADC-Wert: 387
  Pumpe aktiv: NEIN
  Pumpen-Alarm: NEIN
  Letzte Pumpdauer: 880 s
  RSSI: -65 dBm
Cisternendaten empfangen:
  Wasserstand: 28.4 cm
  ADC-Wert: 388
  Pumpe aktiv: NEIN
  Pumpen-Alarm: NEIN
  Letzte Pumpdauer: 880 s
  RSSI: -39 dBm
00 -> '452090h' at x=60
  Label: relativeTimeSeconds=1627531200 -> '452092h' at x=60
  Label: relativeTimeSeconds=1627538400 -> '452094h' at x=60
  Label: relativeTimeSeconds=1627545600 -> '452096h' at x=60
  Label: relativeTimeSeconds=1627552800 -> '452098h' at x=60
  Label: relativeTimeSeconds=1627560000 -> '452100h' at x=60
  Label: relativeTimeSeconds=1627567200 -> '452102h' at x=60
  Label: relativeTimeSeconds=1627574400 -> '452104h' at x=60
  Label: relativeTimeSeconds=1627581600 -> '452106h' at x=60
  Label: relativeTimeSeconds=1627588800 -> '452108h' at x=60
  Label: relativeTimeSeconds=1627596000 -> '452110h' at x=60
  Label: relativeTimeSeconds=1627603200 -> '452112h' at x=60
  Label: relativeTimeSeconds=1627610400 -> '452114h' at x=60
  Label: relativeTimeSeconds=1627617600 -> '452116h' at x=60
  Label: relativeTimeSeconds=1627624800 -> '452118h' at x=60
  Label: relativeTimeSeconds=1627632000 -> '452120h' at x=60
  Label: relativeTimeSeconds=1627639200 -> '452122h' at x=60
  Label: relativeTimeSeconds=1627646400 -> '452124h' at x=60
  Label: relativeTimeSeconds=1627653600 -> '452126h' at x=60
  Label: relativeTimeSeconds=1627660800 -> '452128h' at x=60
  Label: relativeTimeSeconds=1627668000 -> '452130h' at x=60
  Label: relativeTimeSeconds=1627675200 -> '452132h' at x=60
  Label: relativeTimeSeconds=1627682400 -> '452134h' at x=60
  Label: relativeTimeSeconds=1627689600 -> '452136h' at x=60
  Label: relativeTimeSeconds=1627696800 -> '452138h' at x=60
  Label: relativeTimeSeconds=1627704000 -> '452140h' at x=60
  Label: relativeTimeSeconds=1627711200 -> '452142h' at x=60
  Label: relativeTimeSeconds=1627718400 -> '452144h' at x=60
  Label: relativeTimeSeconds=1627725600 -> '452146h' at x=60
  Label: relativeTimeSeconds=1627732800 -> '452148h' at x=60
  Label: relativeTimeSeconds=1627740000 -> '452150h' at x=60
  Label: relativeTimeSeconds=1627747200 -> '452152h' at x=60
  Label: relativeTimeSeconds=1627754400 -> '452154h' at x=60
  Label: relativeTimeSeconds=1627761600 -> '452156h' at x=60
  Label: relativeTimeSeconds=1627768800 -> '452158h' at x=60
  Label: relativeTimeSeconds=1627776000 -> '452160h' at x=60
  Label: relativeTimeSeconds=1627783200 -> '452162h' at x=60
  Label: relativeTimeSeconds=1627790400 -> '452164h' at x=60
  Label: relativeTimeSeconds=1627797600 -> '452166h' at x=60
  Label: relativeTimeSeconds=1627804800 -> '452168h' at x=60
  Label: relativeTimeSeconds=1627812000 -> '452170h' at x=60
  Label: relativeTimeSeconds=1627819200 -> '452172h' at x=60
  Label: relativeTimeSeconds=1627826400 -> '452174h' at x=60
  Label: relativeTimeSeconds=1627833600 -> '452176h' at x=60
  Label: relativeTimeSeconds=1627840800 -> '452178h' at x=60
  Label: relativeTimeSeconds=1627848000 -> '452180h' at x=60
  Label: relativeTimeSeconds=1627855200 -> '452182h' at x=60
  Label: relativeTimeSeconds=1627862400 -> '452184h' at x=60
  Label: relativeTimeSeconds=1627869600 -> '452186h' at x=60
  Label: relativeTimeSeconds=1627876800 -> '452188h' at x=60
  Label: relativeTimeSeconds=1627884000 -> '452190h' at x=60
  Label: relativeTimeSeconds=1627891200 -> '452192h' at x=60
  Label: relativeTimeSeconds=1627898400 -> '452194h' at x=60
  Label: relativeTimeSeconds=1627905600 -> '452196h' at x=60
  Label: relativeTimeSeconds=1627912800 -> '452198h' at x=60
  Label: relativeTimeSeconds=1627920000 -> '452200h' at x=60
  Label: relativeTimeSeconds=1627927200 -> '452202h' at x=60
  Label: relativeTimeSeconds=1627934400 -> '452204h' at x=60
  Label: relativeTimeSeconds=1627941600 -> '452206h' at x=60
  Label: relativeTimeSeconds=1627948800 -> '452208h' at x=60
  Label: relativeTimeSeconds=1627956000 -> '452210h' at x=60
  Label: relativeTimeSeconds=1627963200 -> '452212h' at x=60
  Label: relativeTimeSeconds=1627970400 -> '452214h' at x=60
  Label: relativeTimeSeconds=1627977600 -> '452216h' at x=60
  Label: relativeTimeSeconds=1627984800 -> '452218h' at x=60
  Label: relativeTimeSeconds=1627992000 -> '452220h' at x=60
  Label: relativeTimeSeconds=1627999200 -> '452222h' at x=60
  Label: relativeTimeSeconds=1628006400 -> '452224h' at x=60
  Label: relativeTimeSeconds=1628013600 -> '452226h' at x=60
  Label: relativeTimeSeconds=1628020800 -> '452228h' at x=60
  Label: relativeTimeSeconds=1628028000 -> '452230h' at x=60
  Label: relativeTimeSeconds=1628035200 -> '452232h' at x=60
  Label: relativeTimeSeconds=1628042400 -> '452234h' at x=60
  Label: relativeTimeSeconds=1628049600 -> '452236h' at x=60
  Label: relativeTimeSeconds=1628056800 -> '452238h' at x=60
  Label: relativeTimeSeconds=1628064000 -> '452240h' at x=60
  Label: relativeTimeSeconds=1628071200 -> '452242h' at x=60
  Label: relativeTimeSeconds=1628078400 -> '452244h' at x=60
  Label: relativeTimeSeconds=1628085600 -> '452246h' at x=60
  Label: relativeTimeSeconds=1628092800 -> '452248h' at x=60
  Label: relativeTimeSeconds=1628100000 -> '452250h' at x=60
  Label: relativeTimeSeconds=1628107200 -> '452252h' at x=60
  Label: relativeTimeSeconds=1628114400 -> '452254h' at x=60
  Label: relativeTimeSeconds=1628121600 -> '452256h' at x=60
  Label: relativeTimeSeconds=1628128800 -> '452258h' at x=60
  Label: relativeTimeSeconds=1628136000 -> '452260h' at x=60
  Label: relativeTimeSeconds=1628143200 -> '452262h' at x=60
  Label: relativeTimeSeconds=1628150400 -> '452264h' at x=60
  Label: relativeTimeSeconds=1628157600 -> '452266h' at x=60
  Label: relativeTimeSeconds=1628164800 -> '452268h' at x=60
  Label: relativeTimeSeconds=1628172000 -> '452270h' at x=60
  Label: relativeTimeSeconds=1628179200 -> '452272h' at x=60
  Label: relativeTimeSeconds=1628186400 -> '452274h' at x=60
  Label: relativeTimeSeconds=1628193600 -> '452276h' at x=60
  Label: relativeTimeSeconds=1628200800 -> '452278h' at x=60
  Label: relativeTimeSeconds=1628208000 -> '452280h' at x=60
  Label: relativeTimeSeconds=1628215200 -> '452282h' at x=60
  Label: relativeTimeSeconds=1628222400 -> '452284h' at x=60
  Label: relativeTimeSeconds=1628229600 -> '452286h' at x=60
  Label: relativeTimeSeconds=1628236800 -> '452288h' at x=60
  Label: relativeTimeSeconds=1628244000 -> '452290h' at x=60
  Label: relativeTimeSeconds=1628251200 -> '452292h' at x=60
  Label: relativeTimeSeconds=1628258400 -> '452294h' at x=60
  Label: relativeTimeSeconds=1628265600 -> '452296h' at x=60
  Label: relativeTimeSeconds=1628272800 -> '452298h' at x=60
  Label: relativeTimeSeconds=1628280000 -> '452300h' at x=60
  Label: relativeTimeSeconds=1628287200 -> '452302h' at x=60
  Label: relativeTimeSeconds=1628294400 -> '452304h' at x=60
  Label: relativeTimeSeconds=1628301600 -> '452306h' at x=60
  Label: relativeTimeSeconds=1628308800 -> '452308h' at x=60
  Label: relativeTimeSeconds=1628316000 -> '452310h' at x=60
  Label: relativeTimeSeconds=1628323200 -> '452312h' at x=60
  Label: relativeTimeSeconds=1628330400 -> '452314h' at x=60
  Label: relativeTimeSeconds=1628337600 -> '452316h' at x=60
  Label: relativeTimeSeconds=1628344800 -> '452318h' at x=60
  Label: relativeTimeSeconds=1628352000 -> '452320h' at x=60
  Label: relativeTimeSeconds=1628359200 -> '452322h' at x=60
  Label: relativeTimeSeconds=1628366400 -> '452324h' at x=60
  Label: relativeTimeSeconds=1628373600 -> '452326h' at x=60
  Label: relativeTimeSeconds=1628380800 -> '452328h' at x=60
  Label: relativeTimeSeconds=1628388000 -> '452330h' at x=60
  Label: relativeTimeSeconds=1628395200 -> '452332h' at x=60
  Label: relativeTimeSeconds=1628402400 -> '452334h' at x=60
  Label: relativeTimeSeconds=1628409600 -> '452336h' at x=60
  Label: relativeTimeSeconds=1628416800 -> '452338h' at x=60
  Label: relativeTimeSeconds=1628424000 -> '452340h' at x=60
  Label: relativeTimeSeconds=1628431200 -> '452342h' at x=60
  Label: relativeTimeSeconds=1628438400 -> '452344h' at x=60
  Label: relativeTimeSeconds=1628445600 -> '452346h' at x=60
  Label: relativeTimeSeconds=1628452800 -> '452348h' at x=60
  Label: relativeTimeSeconds=1628460000 -> '452350h' at x=60
  Label: relativeTimeSeconds=1628467200 -> '452352h' at x=60
  Label: relativeTimeSeconds=1628474400 -> '452354h' at x=60
  Label: relativeTimeSeconds=1628481600 -> '452356h' at x=60
  Label: relativeTimeSeconds=1628488800 -> '452358h' at x=60
  Label: relativeTimeSeconds=1628496000 -> '452360h' at x=60
  Label: relativeTimeSeconds=1628503200 -> '452362h' at x=60
  Label: relativeTimeSeconds=1628510400 -> '452364h' at x=60
  Label: relativeTimeSeconds=1628517600 -> '452366h' at x=60
  Label: relativeTimeSeconds=1628524800 -> '452368h' at x=60
  Label: relativeTimeSeconds=1628532000 -> '452370h' at x=60
  Label: relativeTimeSeconds=1628539200 -> '452372h' at x=60
  Label: relativeTimeSeconds=1628546400 -> '452374h' at x=60
  Label: relativeTimeSeconds=1628553600 -> '452376h' at x=60
  Label: relativeTimeSeconds=1628560800 -> '452378h' at x=60
  Label: relativeTimeSeconds=1628568000 -> '452380h' at x=60
  Label: relativeTimeSeconds=1628575200 -> '452382h' at x=60
  Label: relativeTimeSeconds=1628582400 -> '452384h' at x=60
  Label: relativeTimeSeconds=1628589600 -> '452386h' at x=60
  Label: relativeTimeSeconds=1628596800 -> '452388h' at x=60
  Label: relativeTimeSeconds=1628604000 -> '452390h' at x=60
  Label: relativeTimeSeconds=1628611200 -> '452392h' at x=60
  Label: relativeTimeSeconds=1628618400 -> '452394h' at x=60
  Label: relativeTimeSeconds=1628625600 -> '452396h' at x=60
  Label: relativeTimeSeconds=1628632800 -> '452398h' at x=60
  Label: relativeTimeSeconds=1628640000 -> '452400h' at x=60
  Label: relativeTimeSeconds=1628647200 -> '452402h' at x=60
  Label: relativeTimeSeconds=1628654400 -> '452404h' at x=60
  Label: relativeTimeSeconds=1628661600 -> '452406h' at x=60
  Label: relativeTimeSeconds=1628668800 -> '452408h' at x=60
  Label: relativeTimeSeconds=1628676000 -> '452410h' at x=60
  Label: relativeTimeSeconds=1628683200 -> '452412h' at x=60
  Label: relativeTimeSeconds=1628690400 -> '452414h' at x=60
  Label: relativeTimeSeconds=1628697600 -> '452416h' at x=60
  Label: relativeTimeSeconds=1628704800 -> '452418h' at x=60
  Label: relativeTimeSeconds=1628712000 -> '452420h' at x=60
  Label: relativeTimeSeconds=1628719200 -> '452422h' at x=60
  Label: relativeTimeSeconds=1628726400 -> '452424h' at x=60
  Label: relativeTimeSeconds=1628733600 -> '452426h' at x=60
  Label: relativeTimeSeconds=1628740800 -> '452428h' at x=60
  Label: relativeTimeSeconds=1628748000 -> '452430h' at x=60
  Label: relativeTimeSeconds=1628755200 -> '452432h' at x=60
  Label: relativeTimeSeconds=1628762400 -> '452434h' at x=60
  Label: relativeTimeSeconds=1628769600 -> '452436h' at x=60
  Label: relativeTimeSeconds=1628776800 -> '452438h' at x=60
  Label: relativeTimeSeconds=1628784000 -> '452440h' at x=60
  Label: relativeTimeSeconds=1628791200 -> '452442h' at x=60
  Label: relativeTimeSeconds=1628798400 -> '452444h' at x=60
  Label: relativeTimeSeconds=1628805600 -> '452446h' at x=60
  Label: relativeTimeSeconds=1628812800 -> '452448h' at x=60
  Label: relativeTimeSeconds=1628820000 -> '452450h' at x=60
  Label: relativeTimeSeconds=1628827200 -> '452452h' at x=60
  Label: relativeTimeSeconds=1628834400 -> '452454h' at x=60
  Label: relativeTimeSeconds=1628841600 -> '452456h' at x=60
  Label: relativeTimeSeconds=1628848800 -> '452458h' at x=60
  Label: relativeTimeSeconds=1628856000 -> '452460h' at x=60
  Label: relativeTimeSeconds=1628863200 -> '452462h' at x=60
  Label: relativeTimeSeconds=1628870400 -> '452464h' at x=60
  Label: relativeTimeSeconds=1628877600 -> '452466h' at x=60
  Label: relativeTimeSeconds=1628884800 -> '452468h' at x=60
  Label: relativeTimeSeconds=1628892000 -> '452470h' at x=60
  Label: relativeTimeSeconds=1628899200 -> '452472h' at x=60
  Label: relativeTimeSeconds=1628906400 -> '452474h' at x=60
  Label: relativeTimeSeconds=1628913600 -> '452476h' at x=60
  Label: relativeTimeSeconds=1628920800 -> '452478h' at x=60
  Label: relativeTimeSeconds=1628928000 -> '452480h' at x=60
  Label: relativeTimeSeconds=1628935200 -> '452482h' at x=60
  Label: relativeTimeSeconds=1628942400 -> '452484h' at x=60
  Label: relativeTimeSeconds=1628949600 -> '452486h' at x=60
  Label: relativeTimeSeconds=1628956800 -> '452488h' at x=60
  Label: relativeTimeSeconds=1628964000 -> '452490h' at x=60
  Label: relativeTimeSeconds=1628971200 -> '452492h' at x=60
  Label: relativeTimeSeconds=1628978400 -> '452494h' at x=60
  Label: relativeTimeSeconds=1628985600 -> '452496h' at x=60
  Label: relativeTimeSeconds=1628992800 -> '452498h' at x=60
  Label: relativeTimeSeconds=1629000000 -> '452500h' at x=60
  Label: relativeTimeSeconds=1629007200 -> '452502h' at x=60
  Label: relativeTimeSeconds=1629014400 -> '452504h' at x=60
  Label: relativeTimeSeconds=1629021600 -> '452506h' at x=60
  Label: relativeTimeSeconds=1629028800 -> '452508h' at x=60
  Label: relativeTimeSeconds=1629036000 -> '452510h' at x=60
  Label: relativeTimeSeconds=1629043200 -> '452512h' at x=60
  Label: relativeTimeSeconds=1629050400 -> '452514h' at x=60
  Label: relativeTimeSeconds=1629057600 -> '452516h' at x=60
  Label: relativeTimeSeconds=1629064800 -> '452518h' at x=60
  Label: relativeTimeSeconds=1629072000 -> '452520h' at x=60
  Label: relativeTimeSeconds=1629079200 -> '452522h' at x=60
  Label: relativeTimeSeconds=1629086400 -> '452524h' at x=60
  Label: relativeTimeSeconds=1629093600 -> '452526h' at x=60
  Label: relativeTimeSeconds=1629100800 -> '452528h' at x=60
  Label: relativeTimeSeconds=1629108000 -> '452530h' at x=60
  Label: relativeTimeSeconds=1629115200 -> '452532h' at x=60
  Label: relativeTimeSeconds=1629122400 -> '452534h' at x=60
  Label: relativeTimeSeconds=1629129600 -> '452536h' at x=60
  Label: relativeTimeSeconds=1629136800 -> '452538h' at x=60
  Label: relativeTimeSeconds=1629144000 -> '452540h' at x=60
  Label: relativeTimeSeconds=1629151200 -> '452542h' at x=60
  Label: relativeTimeSeconds=1629158400 -> '452544h' at x=60
  Label: relativeTimeSeconds=1629165600 -> '452546h' at x=60
  Label: relativeTimeSeconds=1629172800 -> '452548h' at x=60
  Label: relativeTimeSeconds=1629180000 -> '452550h' at x=60
  Label: relativeTimeSeconds=1629187200 -> '452552h' at x=60
  Label: relativeTimeSeconds=1629194400 -> '452554h' at x=60
  Label: relativeTimeSeconds=1629201600 -> '452556h' at x=60
  Label: relativeTimeSeconds=1629208800 -> '452558h' at x=60
  Label: relativeTimeSeconds=1629216000 -> '452560h' at x=60
  Label: relativeTimeSeconds=1629223200 -> '452562h' at x=60
  Label: relativeTimeSeconds=1629230400 -> '452564h' at x=60
  Label: relativeTimeSeconds=1629237600 -> '452566h' at x=60
  Label: relativeTimeSeconds=1629244800 -> '452568h' at x=60
  Label: relativeTimeSeconds=1629252000 -> '452570h' at x=60
  Label: relativeTimeSeconds=1629259200 -> '452572h' at x=60
  Label: relativeTimeSeconds=1629266400 -> '452574h' at x=60
  Label: relativeTimeSeconds=1629273600 -> '452576h' at x=60
  Label: relativeTimeSeconds=1629280800 -> '452578h' at x=60
  Label: relativeTimeSeconds=1629288000 -> '452580h' at x=60
  Label: relativeTimeSeconds=1629295200 -> '452582h' at x=60
  Label: relativeTimeSeconds=1629302400 -> '452584h' at x=60
  Label: relativeTimeSeconds=1629309600 -> '452586h' at x=60
  Label: relativeTimeSeconds=1629316800 -> '452588h' at x=60
  Label: relativeTimeSeconds=1629324000 -> '452590h' at x=60
  Label: relativeTimeSeconds=1629331200 -> '452592h' at x=60
  Label: relativeTimeSeconds=1629338400 -> '452594h' at x=60
  Label: relativeTimeSeconds=1629345600 -> '452596h' at x=60
  Label: relativeTimeSeconds=1629352800 -> '452598h' at x=60
  Label: relativeTimeSeconds=1629360000 -> '452600h' at x=60
  Label: relativeTimeSeconds=1629367200 -> '452602h' at x=60
  Label: relativeTimeSeconds=1629374400 -> '452604h' at x=60
  Label: relativeTimeSeconds=1629381600 -> '452606h' at x=60
  Label: relativeTimeSeconds=1629388800 -> '452608h' at x=60
  Label: relativeTimeSeconds=1629396000 -> '452610h' at x=60
  Label: relativeTimeSeconds=1629403200 -> '452612h' at x=60
  Label: relativeTimeSeconds=1629410400 -> '452614h' at x=60
  Label: relativeTimeSeconds=1629417600 -> '452616h' at x=60
  Label: relativeTimeSeconds=1629424800 -> '452618h' at x=60
  Label: relativeTimeSeconds=1629432000 -> '452620h' at x=60
  Label: relativeTimeSeconds=1629439200 -> '452622h' at x=60
  Label: relativeTimeSeconds=1629446400 -> '452624h' at x=60
  Label: relativeTimeSeconds=1629453600 -> '452626h' at x=60
  Label: relativeTimeSeconds=1629460800 -> '452628h' at x=60
  Label: relativeTimeSeconds=1629468000 -> '452630h' at x=60
  Label: relativeTimeSeconds=1629475200 -> '452632h' at x=60
  Label: relativeTimeSeconds=1629482400 -> '452634h' at x=60
  Label: relativeTimeSeconds=1629489600 -> '452636h' at x=60
  Label: relativeTimeSeconds=1629496800 -> '452638h' at x=60
  Label: relativeTimeSeconds=1629504000 -> '452640h' at x=60
  Label: relativeTimeSeconds=1629511200 -> '452642h' at x=60
  Label: relativeTimeSeconds=1629518400 -> '452644h' at x=60
  Label: relativeTimeSeconds=1629525600 -> '452646h' at x=60
  Label: relativeTimeSeconds=1629532800 -> '452648h' at x=60
  Label: relativeTimeSeconds=1629540000 -> '452650h' at x=60
  Label: relativeTimeSeconds=1629547200 -> '452652h' at x=60
  Label: relativeTimeSeconds=1629554400 -> '452654h' at x=60
  Label: relativeTimeSeconds=1629561600 -> '452656h' at x=60
  Label: relativeTimeSeconds=1629568800 -> '452658h' at x=60
  Label: relativeTimeSeconds=1629576000 -> '452660h' at x=60
  Label: relativeTimeSeconds=1629583200 -> '452662h' at x=60
  Label: relativeTimeSeconds=1629590400 -> '452664h' at x=60
  Label: relativeTimeSeconds=1629597600 -> '452666h' at x=60
  Label: relativeTimeSeconds=1629604800 -> '452668h' at x=60
  Label: relativeTimeSeconds=1629612000 -> '452670h' at x=60
  Label: relativeTimeSeconds=1629619200 -> '452672h' at x=60
  Label: relativeTimeSeconds=1629626400 -> '452674h' at x=60
  Label: relativeTimeSeconds=1629633600 -> '452676h' at x=60
  Label: relativeTimeSeconds=1629640800 -> '452678h' at x=60
  Label: relativeTimeSeconds=1629648000 -> '452680h' at x=60
  Label: relativeTimeSeconds=1629655200 -> '452682h' at x=60
  Label: relativeTimeSeconds=1629662400 -> '452684h' at x=60
  Label: relativeTimeSeconds=1629669600 -> '452686h' at x=60
  Label: relativeTimeSeconds=1629676800 -> '452688h' at x=60
  Label: relativeTimeSeconds=1629684000 -> '452690h' at x=60
  Label: relativeTimeSeconds=1629691200 -> '452692h' at x=60
  Label: relativeTimeSeconds=1629698400 -> '452694h' at x=60
  Label: relativeTimeSeconds=1629705600 -> '452696h' at x=60
  Label: relativeTimeSeconds=1629712800 -> '452698h' at x=60
  Label: relativeTimeSeconds=1629720000 -> '452700h' at x=60
  Label: relativeTimeSeconds=1629727200 -> '452702h' at x=60
  Label: relativeTimeSeconds=1629734400 -> '452704h' at x=60
  Label: relativeTimeSeconds=1629741600 -> '452706h' at x=60
  Label: relativeTimeSeconds=1629748800 -> '452708h' at x=60
  Label: relativeTimeSeconds=1629756000 -> '452710h' at x=60
  Label: relativeTimeSeconds=1629763200 -> '452712h' at x=60
  Label: relativeTimeSeconds=1629770400 -> '452714h' at x=60
  Label: relativeTimeSeconds=1629777600 -> '452716h' at x=60
  Label: relativeTimeSeconds=1629784800 -> '452718h' at x=60
  Label: relativeTimeSeconds=1629792000 -> '452720h' at x=60
  Label: relativeTimeSeconds=1629799200 -> '452722h' at x=60
  Label: relativeTimeSeconds=1629806400 -> '452724h' at x=60
  Label: relativeTimeSeconds=1629813600 -> '452726h' at x=60
  Label: relativeTimeSeconds=1629820800 -> '452728h' at x=60
  Label: relativeTimeSeconds=1629828000 -> '452730h' at x=60
  Label: relativeTimeSeconds=1629835200 -> '452732h' at x=60
  Label: relativeTimeSeconds=1629842400 -> '452734h' at x=60
  Label: relativeTimeSeconds=1629849600 -> '452736h' at x=60
  Label: relativeTimeSeconds=1629856800 -> '452738h' at x=60
  Label: relativeTimeSeconds=1629864000 -> '452740h' at x=60
  Label: relativeTimeSeconds=1629871200 -> '452742h' at x=60
  Label: relativeTimeSeconds=1629878400 -> '452744h' at x=60
  Label: relativeTimeSeconds=1629885600 -> '452746h' at x=60
  Label: relativeTimeSeconds=1629892800 -> '452748h' at x=60
  Label: relativeTimeSeconds=1629900000 -> '452750h' at x=60
  Label: relativeTimeSeconds=1629907200 -> '452752h' at x=60
  Label: relativeTimeSeconds=1629914400 -> '452754h' at x=60
  Label: relativeTimeSeconds=1629921600 -> '452756h' at x=60
  Label: relativeTimeSeconds=1629928800 -> '452758h' at x=60
  Label: relativeTimeSeconds=1629936000 -> '452760h' at x=60
  Label: relativeTimeSeconds=1629943200 -> '452762h' at x=60
  Label: relativeTimeSeconds=1629950400 -> '452764h' at x=60
  Label: relativeTimeSeconds=1629957600 -> '452766h' at x=60
  Label: relativeTimeSeconds=1629964800 -> '452768h' at x=60
  Label: relativeTimeSeconds=1629972000 -> '452770h' at x=60
  Label: relativeTimeSeconds=1629979200 -> '452772h' at x=60
  Label: relativeTimeSeconds=1629986400 -> '452774h' at x=60
  Label: relativeTimeSeconds=1629993600 -> '452776h' at x=60
  Label: relativeTimeSeconds=1630000800 -> '452778h' at x=60
  Label: relativeTimeSeconds=1630008000 -> '452780h' at x=60
  Label: relativeTimeSeconds=1630015200 -> '452782h' at x=60
  Label: relativeTimeSeconds=1630022400 -> '452784h' at x=60
  Label: relativeTimeSeconds=1630029600 -> '452786h' at x=60
  Label: relativeTimeSeconds=1630036800 -> '452788h' at x=60
  Label: relativeTimeSeconds=1630044000 -> '452790h' at x=60
  Label: relativeTimeSeconds=1630051200 -> '452792h' at x=60
  Label: relativeTimeSeconds=1630058400 -> '452794h' at x=60
  Label: relativeTimeSeconds=1630065600 -> '452796h' at x=60
  Label: relativeTimeSeconds=1630072800 -> '452798h' at x=60
  Label: relativeTimeSeconds=1630080000 -> '452800h' at x=60
  Label: relativeTimeSeconds=1630087200 -> '452802h' at x=60
  Label: relativeTimeSeconds=1630094400 -> '452804h' at x=60
  Label: relativeTimeSeconds=1630101600 -> '452806h' at x=60
  Label: relativeTimeSeconds=1630108800 -> '452808h' at x=60
  Label: relativeTimeSeconds=1630116000 -> '452810h' at x=60
  Label: relativeTimeSeconds=1630123200 -> '452812h' at x=60
  Label: relativeTimeSeconds=1630130400 -> '452814h' at x=60
  Label: relativeTimeSeconds=1630137600 -> '452816h' at x=60
  Label: relativeTimeSeconds=1630144800 -> '452818h' at x=60
  Label: relativeTimeSeconds=1630152000 -> '452820h' at x=60
  Label: relativeTimeSeconds=1630159200 -> '452822h' at x=60
  Label: relativeTimeSeconds=1630166400 -> '452824h' at x=60
  Label: relativeTimeSeconds=1630173600 -> '452826h' at x=60
  Label: relativeTimeSeconds=1630180800 -> '452828h' at x=60
  Label: relativeTimeSeconds=1630188000 -> '452830h' at x=60
  Label: relativeTimeSeconds=1630195200 -> '452832h' at x=60
  Label: relativeTimeSeconds=1630202400 -> '452834h' at x=60
  Label: relativeTimeSeconds=1630209600 -> '452836h' at x=60
  Label: relativeTimeSeconds=1630216800 -> '452838h' at x=60
  Label: relativeTimeSeconds=1630224000 -> '452840h' at x=60
  Label: relativeTimeSeconds=1630231200 -> '452842h' at x=60
  Label: relativeTimeSeconds=1630238400 -> '452844h' at x=60
  Label: relativeTimeSeconds=1630245600 -> '452846h' at x=60
  Label: relativeTimeSeconds=1630252800 -> '452848h' at x=60
  Label: relativeTimeSeconds=1630260000 -> '452850h' at x=60
  Label: relativeTimeSeconds=1630267200 -> '452852h' at x=60
  Label: relativeTimeSeconds=1630274400 -> '452854h' at x=60
  Label: relativeTimeSeconds=1630281600 -> '452856h' at x=60
  Label: relativeTimeSeconds=1630288800 -> '452858h' at x=60
  Label: relativeTimeSeconds=1630296000 -> '452860h' at x=60
  Label: relativeTimeSeconds=1630303200 -> '452862h' at x=60
  Label: relativeTimeSeconds=1630310400 -> '452864h' at x=60
  Label: relativeTimeSeconds=1630317600 -> '452866h' at x=60
  Label: relativeTimeSeconds=1630324800 -> '452868h' at x=60
  Label: relativeTimeSeconds=1630332000 -> '452870h' at x=60
  Label: relativeTimeSeconds=1630339200 -> '452872h' at x=60
  Label: relativeTimeSeconds=1630346400 -> '452874h' at x=60
  Label: relativeTimeSeconds=1630353600 -> '452876h' at x=60
  Label: relativeTimeSeconds=1630360800 -> '452878h' at x=60
  Label: relativeTimeSeconds=1630368000 -> '452880h' at x=60
  Label: relativeTimeSeconds=1630375200 -> '452882h' at x=60
  Label: relativeTimeSeconds=1630382400 -> '452884h' at x=60
  Label: relativeTimeSeconds=1630389600 -> '452886h' at x=60
  Label: relativeTimeSeconds=1630396800 -> '452888h' at x=60
  Label: relativeTimeSeconds=1630404000 -> '452890h' at x=60
  Label: relativeTimeSeconds=1630411200 -> '452892h' at x=60
  Label: relativeTimeSeconds=1630418400 -> '452894h' at x=60
  Label: relativeTimeSeconds=1630425600 -> '452896h' at x=60
  Label: relativeTimeSeconds=1630432800 -> '452898h' at x=60
  Label: relativeTimeSeconds=1630440000 -> '452900h' at x=60
  Label: relativeTimeSeconds=1630447200 -> '452902h' at x=60
  Label: relativeTimeSeconds=1630454400 -> '452904h' at x=60
  Label: relativeTimeSeconds=1630461600 -> '452906h' at x=60
  Label: relativeTimeSeconds=1630468800 -> '452908h' at x=60
  Label: relativeTimeSeconds=1630476000 -> '452910h' at x=60
  Label: relativeTimeSeconds=1630483200 -> '452912h' at x=60
  Label: relativeTimeSeconds=1630490400 -> '452914h' at x=60
  Label: relativeTimeSeconds=1630497600 -> '452916h' at x=60
  Label: relativeTimeSeconds=1630504800 -> '452918h' at x=60
  Label: relativeTimeSeconds=1630512000 -> '452920h' at x=60
  Label: relativeTimeSeconds=1630519200 -> '452922h' at x=60
  Label: relativeTimeSeconds=1630526400 -> '452924h' at x=60
  Label: relativeTimeSeconds=1630533600 -> '452926h' at x=60
  Label: relativeTimeSeconds=1630540800 -> '452928h' at x=60
  Label: relativeTimeSeconds=1630548000 -> '452930h' at x=60
  Label: relativeTimeSeconds=1630555200 -> '452932h' at x=60
  Label: relativeTimeSeconds=1630562400 -> '452934h' at x=60
  Label: relativeTimeSeconds=1630569600 -> '452936h' at x=60
  Label: relativeTimeSeconds=1630576800 -> '452938h' at x=60
  Label: relativeTimeSeconds=1630584000 -> '452940h' at x=60
  Label: relativeTimeSeconds=1630591200 -> '452942h' at x=60
  Label: relativeTimeSeconds=1630598400 -> '452944h' at x=60
  Label: relativeTimeSeconds=1630605600 -> '452946h' at x=60
  Label: relativeTimeSeconds=1630612800 -> '452948h' at x=60
  Label: relativeTimeSeconds=1630620000 -> '452950h' at x=60
  Label: relativeTimeSeconds=1630627200 -> '452952h' at x=60
  Label: relativeTimeSeconds=1630634400 -> '452954h' at x=60
  Label: relativeTimeSeconds=1630641600 -> '452956h' at x=60
  Label: relativeTimeSeconds=1630648800 -> '452958h' at x=60
  Label: relativeTimeSeconds=1630656000 -> '452960h' at x=60
  Label: relativeTimeSeconds=1630663200 -> '452962h' at x=60
  Label: relativeTimeSeconds=1630670400 -> '452964h' at x=60
  Label: relativeTimeSeconds=1630677600 -> '452966h' at x=60
  Label: relativeTimeSeconds=1630684800 -> '452968h' at x=60
  Label: relativeTimeSeconds=1630692000 -> '452970h' at x=60
  Label: relativeTimeSeconds=1630699200 -> '452972h' at x=60
  Label: relativeTimeSeconds=1630706400 -> '452974h' at x=60
  Label: relativeTimeSeconds=1630713600 -> '452976h' at x=60
  Label: relativeTimeSeconds=1630720800 -> '452978h' at x=60
  Label: relativeTimeSeconds=1630728000 -> '452980h' at x=60
  Label: relativeTimeSeconds=1630735200 -> '452982h' at x=60
  Label: relativeTimeSeconds=1630742400 -> '452984h' at x=60
  Label: relativeTimeSeconds=1630749600 -> '452986h' at x=60
  Label: relativeTimeSeconds=1630756800 -> '452988h' at x=60
  Label: relativeTimeSeconds=1630764000 -> '452990h' at x=60
  Label: relativeTimeSeconds=1630771200 -> '452992h' at x=60
  Label: relativeTimeSeconds=1630778400 -> '452994h' at x=60
  Label: relativeTimeSeconds=1630785600 -> '452996h' at x=60
  Label: relativeTimeSeconds=1630792800 -> '452998h' at x=60
  Label: relativeTimeSeconds=1630800000 -> '453000h' at x=60
  Label: relativeTimeSeconds=1630807200 -> '453002h' at x=60
  Label: relativeTimeSeconds=1630814400 -> '453004h' at x=60
  Label: relativeTimeSeconds=1630821600 -> '453006h' at x=60
  Label: relativeTimeSeconds=1630828800 -> '453008h' at x=60
  Label: relativeTimeSeconds=1630836000 -> '453010h' at x=60
  Label: relativeTimeSeconds=1630843200 -> '453012h' at x=60
  Label: relativeTimeSeconds=1630850400 -> '453014h' at x=60
  Label: relativeTimeSeconds=1630857600 -> '453016h' at x=60
  Label: relativeTimeSeconds=1630864800 -> '453018h' at x=60
  Label: relativeTimeSeconds=1630872000 -> '453020h' at x=60
  Label: relativeTimeSeconds=1630879200 -> '453022h' at x=60
  Label: relativeTimeSeconds=1630886400 -> '453024h' at x=60
  Label: relativeTimeSeconds=1630893600 -> '453026h' at x=60
  Label: relativeTimeSeconds=1630900800 -> '453028h' at x=60
  Label: relativeTimeSeconds=1630908000 -> '453030h' at x=60
  Label: relativeTimeSeconds=1630915200 -> '453032h' at x=60
  Label: relativeTimeSeconds=1630922400 -> '453034h' at x=60
  Label: relativeTimeSeconds=1630929600 -> '453036h' at x=60
  Label: relativeTimeSeconds=1630936800 -> '453038h' at x=60
  Label: relativeTimeSeconds=1630944000 -> '453040h' at x=60
  Label: relativeTimeSeconds=1630951200 -> '453042h' at x=60
  Label: relativeTimeSeconds=1630958400 -> '453044h' at x=60
  Label: relativeTimeSeconds=1630965600 -> '453046h' at x=60
  Label: relativeTimeSeconds=1630972800 -> '453048h' at x=60
  Label: relativeTimeSeconds=1630980000 -> '453050h' at x=60
  Label: relativeTimeSeconds=1630987200 -> '453052h' at x=60
  Label: relativeTimeSeconds=1630994400 -> '453054h' at x=60
  Label: relativeTimeSeconds=1631001600 -> '453056h' at x=60
  Label: relativeTimeSeconds=1631008800 -> '453058h' at x=60
  Label: relativeTimeSeconds=1631016000 -> '453060h' at x=60
  Label: relativeTimeSeconds=1631023200 -> '453062h' at x=60
  Label: relativeTimeSeconds=1631030400 -> '453064h' at x=60
  Label: relativeTimeSeconds=1631037600 -> '453066h' at x=60
  Label: relativeTimeSeconds=1631044800 -> '453068h' at x=60
  Label: relativeTimeSeconds=1631052000 -> '453070h' at x=60
  Label: relativeTimeSeconds=1631059200 -> '453072h' at x=60
  Label: relativeTimeSeconds=1631066400 -> '453074h' at x=60
  Label: relativeTimeSeconds=1631073600 -> '453076h' at x=60
  Label: relativeTimeSeconds=1631080800 -> '453078h' at x=60
  Label: relativeTimeSeconds=1631088000 -> '453080h' at x=60
  Label: relativeTimeSeconds=1631095200 -> '453082h' at x=60
  Label: relativeTimeSeconds=1631102400 -> '453084h' at x=60
  Label: relativeTimeSeconds=1631109600 -> '453086h' at x=60
  Label: relativeTimeSeconds=1631116800 -> '453088h' at x=60
  Label: relativeTimeSeconds=1631124000 -> '453090h' at x=60
  Label: relativeTimeSeconds=1631131200 -> '453092h' at x=60
  Label: relativeTimeSeconds=1631138400 -> '453094h' at x=60
  Label: relativeTimeSeconds=1631145600 -> '453096h' at x=60
  Label: relativeTimeSeconds=1631152800 -> '453098h' at x=60
  Label: relativeTimeSeconds=1631160000 -> '453100h' at x=60
  Label: relativeTimeSeconds=1631167200 -> '453102h' at x=60
  Label: relativeTimeSeconds=1631174400 -> '453104h' at x=60
  Label: relativeTimeSeconds=1631181600 -> '453106h' at x=60
  Label: relativeTimeSeconds=1631188800 -> '453108h' at x=60
  Label: relativeTimeSeconds=1631196000 -> '453110h' at x=60
  Label: relativeTimeSeconds=1631203200 -> '453112h' at x=60
  Label: relativeTimeSeconds=1631210400 -> '453114h' at x=60
  Label: relativeTimeSeconds=1631217600 -> '453116h' at x=60
  Label: relativeTimeSeconds=1631224800 -> '453118h' at x=60
  Label: relativeTimeSeconds=1631232000 -> '453120h' at x=60
  Label: relativeTimeSeconds=1631239200 -> '453122h' at x=60
  Label: relativeTimeSeconds=1631246400 -> '453124h' at x=60
  Label: relativeTimeSeconds=1631253600 -> '453126h' at x=60
  Label: relativeTimeSeconds=1631260800 -> '453128h' at x=60
  Label: relativeTimeSeconds=1631268000 -> '453130h' at x=60
  Label: relativeTimeSeconds=1631275200 -> '453132h' at x=60
  Label: relativeTimeSeconds=1631282400 -> '453134h' at x=60
  Label: relativeTimeSeconds=1631289600 -> '453136h' at x=60
  Label: relativeTimeSeconds=1631296800 -> '453138h' at x=60
  Label: relativeTimeSeconds=1631304000 -> '453140h' at x=60
  Label: relativeTimeSeconds=1631311200 -> '453142h' at x=60
  Label: relativeTimeSeconds=1631318400 -> '453144h' at x=60
  Label: relativeTimeSeconds=1631325600 -> '453146h' at x=60
  Label: relativeTimeSeconds=1631332800 -> '453148h' at x=60
  Label: relativeTimeSeconds=1631340000 -> '453150h' at x=60
  Label: relativeTimeSeconds=1631347200 -> '453152h' at x=60
  Label: relativeTimeSeconds=1631354400 -> '453154h' at x=60
  Label: relativeTimeSeconds=1631361600 -> '453156h' at x=60
  Label: relativeTimeSeconds=1631368800 -> '453158h' at x=60
  Label: relativeTimeSeconds=1631376000 -> '453160h' at x=60
  Label: relativeTimeSeconds=1631383200 -> '453162h' at x=60
  Label: relativeTimeSeconds=1631390400 -> '453164h' at x=60
  Label: relativeTimeSeconds=1631397600 -> '453166h' at x=60
  Label: relativeTimeSeconds=1631404800 -> '453168h' at x=60
  Label: relativeTimeSeconds=1631412000 -> '453170h' at x=60
  Label: relativeTimeSeconds=1631419200 -> '453172h' at x=60
  Label: relativeTimeSeconds=1631426400 -> '453174h' at x=60
  Label: relativeTimeSeconds=1631433600 -> '453176h' at x=60
  Label: relativeTimeSeconds=1631440800 -> '453178h' at x=60
  Label: relativeTimeSeconds=1631448000 -> '453180h' at x=60
  Label: relativeTimeSeconds=1631455200 -> '453182h' at x=60
  Label: relativeTimeSeconds=1631462400 -> '453184h' at x=60
  Label: relativeTimeSeconds=1631469600 -> '453186h' at x=60
  Label: relativeTimeSeconds=1631476800 -> '453188h' at x=60
  Label: relativeTimeSeconds=1631484000 -> '453190h' at x=60
  Label: relativeTimeSeconds=1631491200 -> '453192h' at x=60
  Label: relativeTimeSeconds=1631498400 -> '453194h' at x=60
  Label: relativeTimeSeconds=1631505600 -> '453196h' at x=60
  Label: relativeTimeSeconds=1631512800 -> '453198h' at x=60
  Label: relativeTimeSeconds=1631520000 -> '453200h' at x=60
  Label: relativeTimeSeconds=1631527200 -> '453202h' at x=60
  Label: relativeTimeSeconds=1631534400 -> '453204h' at x=60
  Label: relativeTimeSeconds=1631541600 -> '453206h' at x=60
  Label: relativeTimeSeconds=1631548800 -> '453208h' at x=60
  Label: relativeTimeSeconds=1631556000 -> '453210h' at x=60
  Label: relativeTimeSeconds=1631563200 -> '453212h' at x=60
  Label: relativeTimeSeconds=1631570400 -> '453214h' at x=60
  Label: relativeTimeSeconds=1631577600 -> '453216h' at x=60
  Label: relativeTimeSeconds=1631584800 -> '453218h' at x=60
  Label: relativeTimeSeconds=1631592000 -> '453220h' at x=60
  Label: relativeTimeSeconds=1631599200 -> '453222h' at x=60
  Label: relativeTimeSeconds=1631606400 -> '453224h' at x=60
  Label: relativeTimeSeconds=1631613600 -> '453226h' at x=60
  Label: relativeTimeSeconds=1631620800 -> '453228h' at x=60
  Label: relativeTimeSeconds=1631628000 -> '453230h' at x=60
  Label: relativeTimeSeconds=1631635200 -> '453232h' at x=60
  Label: relativeTimeSeconds=1631642400 -> '453234h' at x=60
  Label: relativeTimeSeconds=1631649600 -> '453236h' at x=60
  Label: relativeTimeSeconds=1631656800 -> '453238h' at x=60
  Label: relativeTimeSeconds=1631664000 -> '453240h' at x=60
  Label: relativeTimeSeconds=1631671200 -> '453242h' at x=60
  Label: relativeTimeSeconds=1631678400 -> '453244h' at x=60
  Label: relativeTimeSeconds=1631685600 -> '453246h' at x=60
  Label: relativeTimeSeconds=1631692800 -> '453248h' at x=60
  Label: relativeTimeSeconds=1631700000 -> '453250h' at x=60
  Label: relativeTimeSeconds=1631707200 -> '453252h' at x=60
  Label: relativeTimeSeconds=1631714400 -> '453254h' at x=60
  Label: relativeTimeSeconds=1631721600 -> '453256h' at x=60
  Label: relativeTimeSeconds=1631728800 -> '453258h' at x=60
  Label: relativeTimeSeconds=1631736000 -> '453260h' at x=60
  Label: relativeTimeSeconds=1631743200 -> '453262h' at x=60
  Label: relativeTimeSeconds=1631750400 -> '453264h' at x=60
  Label: relativeTimeSeconds=1631757600 -> '453266h' at x=60
  Label: relativeTimeSeconds=1631764800 -> '453268h' at x=60
  Label: relativeTimeSeconds=1631772000 -> '453270h' at x=60
  Label: relativeTimeSeconds=1631779200 -> '453272h' at x=60
  Label: relativeTimeSeconds=1631786400 -> '453274h' at x=60
  Label: relativeTimeSeconds=1631793600 -> '453276h' at x=60
  Label: relativeTimeSeconds=1631800800 -> '453278h' at x=60
  Label: relativeTimeSeconds=1631808000 -> '453280h' at x=60
  Label: relativeTimeSeconds=1631815200 -> '453282h' at x=60
  Label: relativeTimeSeconds=1631822400 -> '453284h' at x=60
  Label: relativeTimeSeconds=1631829600 -> '453286h' at x=60
  Label: relativeTimeSeconds=1631836800 -> '453288h' at x=60
  Label: relativeTimeSeconds=1631844000 -> '453290h' at x=60
  Label: relativeTimeSeconds=1631851200 -> '453292h' at x=60
  Label: relativeTimeSeconds=1631858400 -> '453294h' at x=60
  Label: relativeTimeSeconds=1631865600 -> '453296h' at x=60
  Label: relativeTimeSeconds=1631872800 -> '453298h' at x=60
  Label: relativeTimeSeconds=1631880000 -> '453300h' at x=60
  Label: relativeTimeSeconds=1631887200 -> '453302h' at x=60
  Label: relativeTimeSeconds=1631894400 -> '453304h' at x=60
  Label: relativeTimeSeconds=1631901600 -> '453306h' at x=60
  Label: relativeTimeSeconds=1631908800 -> '453308h' at x=60
  Label: relativeTimeSeconds=1631916000 -> '453310h' at x=60
  Label: relativeTimeSeconds=1631923200 -> '453312h' at x=60
  Label: relativeTimeSeconds=1631930400 -> '453314h' at x=60
  Label: relativeTimeSeconds=1631937600 -> '453316h' at x=60
  Label: relativeTimeSeconds=1631944800 -> '453318h' at x=60
  Label: relativeTimeSeconds=1631952000 -> '453320h' at x=60
  Label: relativeTimeSeconds=1631959200 -> '453322h' at x=60
  Label: relativeTimeSeconds=1631966400 -> '453324h' at x=60
  Label: relativeTimeSeconds=1631973600 -> '453326h' at x=60
  Label: relativeTimeSeconds=1631980800 -> '453328h' at x=60
  Label: relativeTimeSeconds=1631988000 -> '453330h' at x=60
  Label: relativeTimeSeconds=1631995200 -> '453332h' at x=60
  Label: relativeTimeSeconds=1632002400 -> '453334h' at x=60
  Label: relativeTimeSeconds=1632009600 -> '453336h' at x=60
  Label: relativeTimeSeconds=1632016800 -> '453338h' at x=60
  Label: relativeTimeSeconds=1632024000 -> '453340h' at x=60
  Label: relativeTimeSeconds=1632031200 -> '453342h' at x=60
  Label: relativeTimeSeconds=1632038400 -> '453344h' at x=60
  Label: relativeTimeSeconds=1632045600 -> '453346h' at x=60
  Label: relativeTimeSeconds=1632052800 -> '453348h' at x=60
  Label: relativeTimeSeconds=1632060000 -> '453350h' at x=60
  Label: relativeTimeSeconds=1632067200 -> '453352h' at x=60
  Label: relativeTimeSeconds=1632074400 -> '453354h' at x=60
  Label: relativeTimeSeconds=1632081600 -> '453356h' at x=60
  Label: relativeTimeSeconds=1632088800 -> '453358h' at x=60
  Label: relativeTimeSeconds=1632096000 -> '453360h' at x=60
  Label: relativeTimeSeconds=1632103200 -> '453362h' at x=60
  Label: relativeTimeSeconds=1632110400 -> '453364h' at x=60
  Label: relativeTimeSeconds=1632117600 -> '453366h' at x=60
  Label: relativeTimeSeconds=1632124800 -> '453368h' at x=60
  Label: relativeTimeSeconds=1632132000 -> '453370h' at x=60
  Label: relativeTimeSeconds=1632139200 -> '453372h' at x=60
  Label: relativeTimeSeconds=1632146400 -> '453374h' at x=60
  Label: relativeTimeSeconds=1632153600 -> '453376h' at x=60
  Label: relativeTimeSeconds=1632160800 -> '453378h' at x=60
  Label: relativeTimeSeconds=1632168000 -> '453380h' at x=60
  Label: relativeTimeSeconds=1632175200 -> '453382h' at x=60
  Label: relativeTimeSeconds=1632182400 -> '453384h' at x=60
  Label: relativeTimeSeconds=1632189600 -> '453386h' at x=60
  Label: relativeTimeSeconds=1632196800 -> '453388h' at x=60
  Label: relativeTimeSeconds=1632204000 -> '453390h' at x=60
  Label: relativeTimeSeconds=1632211200 -> '453392h' at x=60
  Label: relativeTimeSeconds=1632218400 -> '453394h' at x=60
  Label: relativeTimeSeconds=1632225600 -> '453396h' at x=60
  Label: relativeTimeSeconds=1632232800 -> '453398h' at x=60
  Label: relativeTimeSeconds=1632240000 -> '453400h' at x=60
  Label: relativeTimeSeconds=1632247200 -> '453402h' at x=60
  Label: relativeTimeSeconds=1632254400 -> '453404h' at x=60
  Label: relativeTimeSeconds=1632261600 -> '453406h' at x=60
  Label: relativeTimeSeconds=1632268800 -> '453408h' at x=60
  Label: relativeTimeSeconds=1632276000 -> '453410h' at x=60
  Label: relativeTimeSeconds=1632283200 -> '453412h' at x=60
  Label: relativeTimeSeconds=1632290400 -> '453414h' at x=60
  Label: relativeTimeSeconds=1632297600 -> '453416h' at x=60
  Label: relativeTimeSeconds=1632304800 -> '453418h' at x=60
  Label: relativeTimeSeconds=1632312000 -> '453420h' at x=60
  Label: relativeTimeSeconds=1632319200 -> '453422h' at x=60
  Label: relativeTimeSeconds=1632326400 -> '453424h' at x=60
  Label: relativeTimeSeconds=1632333600 -> '453426h' at x=60
  Label: relativeTimeSeconds=1632340800 -> '453428h' at x=60
  Label: relativeTimeSeconds=1632348000 -> '453430h' at x=60
  Label: relativeTimeSeconds=1632355200 -> '453432h' at x=60
  Label: relativeTimeSeconds=1632362400 -> '453434h' at x=60
  Label: relativeTimeSeconds=1632369600 -> '453436h' at x=60
  Label: relativeTimeSeconds=1632376800 -> '453438h' at x=60
  Label: relativeTimeSeconds=1632384000 -> '453440h' at x=60
  Label: relativeTimeSeconds=1632391200 -> '453442h' at x=60
  Label: relativeTimeSeconds=1632398400 -> '453444h' at x=60
  Label: relativeTimeSeconds=1632405600 -> '453446h' at x=60
  Label: relativeTimeSeconds=1632412800 -> '453448h' at x=60
  Label: relativeTimeSeconds=1632420000 -> '453450h' at x=60
  Label: relativeTimeSeconds=1632427200 -> '453452h' at x=60
  Label: relativeTimeSeconds=1632434400 -> '453454h' at x=60
  Label: relativeTimeSeconds=1632441600 -> '453456h' at x=60
  Label: relativeTimeSeconds=1632448800 -> '453458h' at x=60
  Label: relativeTimeSeconds=1632456000 -> '453460h' at x=60
  Label: relativeTimeSeconds=1632463200 -> '453462h' at x=60
  Label: relativeTimeSeconds=1632470400 -> '453464h' at x=60
  Label: relativeTimeSeconds=1632477600 -> '453466h' at x=60
  Label: relativeTimeSeconds=1632484800 -> '453468h' at x=60
  Label: relativeTimeSeconds=1632492000 -> '453470h' at x=60
  Label: relativeTimeSeconds=1632499200 -> '453472h' at x=60
  Label: relativeTimeSeconds=1632506400 -> '453474h' at x=60
  Label: relativeTimeSeconds=1632513600 -> '453476h' at x=60
  Label: relativeTimeSeconds=1632520800 -> '453478h' at x=60
  Label: relativeTimeSeconds=1632528000 -> '453480h' at x=60
  Label: relativeTimeSeconds=1632535200 -> '453482h' at x=60
  Label: relativeTimeSeconds=1632542400 -> '453484h' at x=60
  Label: relativeTimeSeconds=1632549600 -> '453486h' at x=60
  Label: relativeTimeSeconds=1632556800 -> '453488h' at x=60
  Label: relativeTimeSeconds=1632564000 -> '453490h' at x=60
  Label: relativeTimeSeconds=1632571200 -> '453492h' at x=60
  Label: relativeTimeSeconds=1632578400 -> '453494h' at x=60
  Label: relativeTimeSeconds=1632585600 -> '453496h' at x=60
  Label: relativeTimeSeconds=1632592800 -> '453498h' at x=60
  Label: relativeTimeSeconds=1632600000 -> '453500h' at x=60
  Label: relativeTimeSeconds=1632607200 -> '453502h' at x=60
  Label: relativeTimeSeconds=1632614400 -> '453504h' at x=60
  Label: relativeTimeSeconds=1632621600 -> '453506h' at x=60
  Label: relativeTimeSeconds=1632628800 -> '453508h' at x=60
  Label: relativeTimeSeconds=1632636000 -> '453510h' at x=60
  Label: relativeTimeSeconds=1632643200 -> '453512h' at x=60
  Label: relativeTimeSeconds=1632650400 -> '453514h' at x=60
  Label: relativeTimeSeconds=1632657600 -> '453516h' at x=60
  Label: relativeTimeSeconds=1632664800 -> '453518h' at x=60
  Label: relativeTimeSeconds=1632672000 -> '453520h' at x=60
  Label: relativeTimeSeconds=1632679200 -> '453522h' at x=60
  Label: relativeTimeSeconds=1632686400 -> '453524h' at x=60
  Label: relativeTimeSeconds=1632693600 -> '453526h' at x=60
  Label: relativeTimeSeconds=1632700800 -> '453528h' at x=60
  Label: relativeTimeSeconds=1632708000 -> '453530h' at x=60
  Label: relativeTimeSeconds=1632715200 -> '453532h' at x=60
  Label: relativeTimeSeconds=1632722400 -> '453534h' at x=60
  Label: relativeTimeSeconds=1632729600 -> '453536h' at x=60
  Label: relativeTimeSeconds=1632736800 -> '453538h' at x=60
  Label: relativeTimeSeconds=1632744000 -> '453540h' at x=60
  Label: relativeTimeSeconds=1632751200 -> '453542h' at x=60
  Label: relativeTimeSeconds=1632758400 -> '453544h' at x=60
  Label: relativeTimeSeconds=1632765600 -> '453546h' at x=60
  Label: relativeTimeSeconds=1632772800 -> '453548h' at x=60
  Label: relativeTimeSeconds=1632780000 -> '453550h' at x=60
  Label: relativeTimeSeconds=1632787200 -> '453552h' at x=60
  Label: relativeTimeSeconds=1632794400 -> '453554h' at x=60
  Label: relativeTimeSeconds=1632801600 -> '453556h' at x=60
  Label: relativeTimeSeconds=1632808800 -> '453558h' at x=60
  Label: relativeTimeSeconds=1632816000 -> '453560h' at x=60
  Label: relativeTimeSeconds=1632823200 -> '453562h' at x=60
  Label: relativeTimeSeconds=1632830400 -> '453564h' at x=60
  Label: relativeTimeSeconds=1632837600 -> '453566h' at x=60
  Label: relativeTimeSeconds=1632844800 -> '453568h' at x=60
  Label: relativeTimeSeconds=1632852000 -> '453570h' at x=60
  Label: relativeTimeSeconds=1632859200 -> '453572h' at x=60
  Label: relativeTimeSeconds=1632866400 -> '453574h' at x=60
  Label: relativeTimeSeconds=1632873600 -> '453576h' at x=60
  Label: relativeTimeSeconds=1632880800 -> '453578h' at x=60
  Label: relativeTimeSeconds=1632888000 -> '453580h' at x=60
  Label: relativeTimeSeconds=1632895200 -> '453582h' at x=60
  Label: relativeTimeSeconds=1632902400 -> '453584h' at x=60
  Label: relativeTimeSeconds=1632909600 -> '453586h' at x=60
  Label: relativeTimeSeconds=1632916800 -> '453588h' at x=60
  Label: relativeTimeSeconds=1632924000 -> '453590h' at x=60
  Label: relativeTimeSeconds=1632931200 -> '453592h' at x=60
  Label: relativeTimeSeconds=1632938400 -> '453594h' at x=60
  Label: relativeTimeSeconds=1632945600 -> '453596h' at x=60
  Label: relativeTimeSeconds=1632952800 -> '453598h' at x=60
  Label: relativeTimeSeconds=1632960000 -> '453600h' at x=60
  Label: relativeTimeSeconds=1632967200 -> '453602h' at x=60
  Label: relativeTimeSeconds=1632974400 -> '453604h' at x=60
  Label: relativeTimeSeconds=1632981600 -> '453606h' at x=60
  Label: relativeTimeSeconds=1632988800 -> '453608h' at x=60
  Label: relativeTimeSeconds=1632996000 -> '453610h' at x=60
  Label: relativeTimeSeconds=1633003200 -> '453612h' at x=60
  Label: relativeTimeSeconds=1633010400 -> '453614h' at x=60
  Label: relativeTimeSeconds=1633017600 -> '453616h' at x=60
  Label: relativeTimeSeconds=1633024800 -> '453618h' at x=60
  Label: relativeTimeSeconds=1633032000 -> '453620h' at x=60
  Label: relativeTimeSeconds=1633039200 -> '453622h' at x=60
  Label: relativeTimeSeconds=1633046400 -> '453624h' at x=60
  Label: relativeTimeSeconds=1633053600 -> '453626h' at x=60
  Label: relativeTimeSeconds=1633060800 -> '453628h' at x=60
  Label: relativeTimeSeconds=1633068000 -> '453630h' at x=60
  Label: relativeTimeSeconds=1633075200 -> '453632h' at x=60
  Label: relativeTimeSeconds=1633082400 -> '453634h' at x=60
  Label: relativeTimeSeconds=1633089600 -> '453636h' at x=60
  Label: relativeTimeSeconds=1633096800 -> '453638h' at x=60
  Label: relativeTimeSeconds=1633104000 -> '453640h' at x=60
  Label: relativeTimeSeconds=1633111200 -> '453642h' at x=60
  Label: relativeTimeSeconds=1633118400 -> '453644h' at x=60
  Label: relativeTimeSeconds=1633125600 -> '453646h' at x=60
  Label: relativeTimeSeconds=1633132800 -> '453648h' at x=60
  Label: relativeTimeSeconds=1633140000 -> '453650h' at x=60
  Label: relativeTimeSeconds=1633147200 -> '453652h' at x=60
  Label: relativeTimeSeconds=1633154400 -> '453654h' at x=60
  Label: relativeTimeSeconds=1633161600 -> '453656h' at x=60
  Label: relativeTimeSeconds=1633168800 -> '453658h' at x=60
  Label: relativeTimeSeconds=1633176000 -> '453660h' at x=60
  Label: relativeTimeSeconds=1633183200 -> '453662h' at x=60
  Label: relativeTimeSeconds=1633190400 -> '453664h' at x=60
  Label: relativeTimeSeconds=1633197600 -> '453666h' at x=60
  Label: relativeTimeSeconds=1633204800 -> '453668h' at x=60
  Label: relativeTimeSeconds=1633212000 -> '453670h' at x=60
  Label: relativeTimeSeconds=1633219200 -> '453672h' at x=60
  Label: relativeTimeSeconds=1633226400 -> '453674h' at x=60
  Label: relativeTimeSeconds=1633233600 -> '453676h' at x=60
  Label: relativeTimeSeconds=1633240800 -> '453678h' at x=60
  Label: relativeTimeSeconds=1633248000 -> '453680h' at x=60
  Label: relativeTimeSeconds=1633255200 -> '453682h' at x=60
  Label: relativeTimeSeconds=1633262400 -> '453684h' at x=60
  Label: relativeTimeSeconds=1633269600 -> '453686h' at x=60
  Label: relativeTimeSeconds=1633276800 -> '453688h' at x=60
  Label: relativeTimeSeconds=1633284000 -> '453690h' at x=60
  Label: relativeTimeSeconds=1633291200 -> '453692h' at x=60
  Label: relativeTimeSeconds=1633298400 -> '453694h' at x=60
  Label: relativeTimeSeconds=1633305600 -> '453696h' at x=60
  Label: relativeTimeSeconds=1633312800 -> '453698h' at x=60
  Label: relativeTimeSeconds=1633320000 -> '453700h' at x=60
  Label: relativeTimeSeconds=1633327200 -> '453702h' at x=60
  Label: relativeTimeSeconds=1633334400 -> '453704h' at x=60
  Label: relativeTimeSeconds=1633341600 -> '453706h' at x=60
  Label: relativeTimeSeconds=1633348800 -> '453708h' at x=60
  Label: relativeTimeSeconds=1633356000 -> '453710h' at x=60
  Label: relativeTimeSeconds=1633363200 -> '453712h' at x=60
  Label: relativeTimeSeconds=1633370400 -> '453714h' at x=60
  Label: relativeTimeSeconds=1633377600 -> '453716h' at x=60
  Label: relativeTimeSeconds=1633384800 -> '453718h' at x=60
  Label: relativeTimeSeconds=1633392000 -> '453720h' at x=60
  Label: relativeTimeSeconds=1633399200 -> '453722h' at x=60
  Label: relativeTimeSeconds=1633406400 -> '453724h' at x=60
  Label: relativeTimeSeconds=1633413600 -> '453726h' at x=60
  Label: relativeTimeSeconds=1633420800 -> '453728h' at x=60
  Label: relativeTimeSeconds=1633428000 -> '453730h' at x=60
  Label: relativeTimeSeconds=1633435200 -> '453732h' at x=60
  Label: relativeTimeSeconds=1633442400 -> '453734h' at x=60
  Label: relativeTimeSeconds=1633449600 -> '453736h' at x=60
  Label: relativeTimeSeconds=1633456800 -> '453738h' at x=60
  Label: relativeTimeSeconds=1633464000 -> '453740h' at x=60
  Label: relativeTimeSeconds=1633471200 -> '453742h' at x=60
  Label: relativeTimeSeconds=1633478400 -> '453744h' at x=60
  Label: relativeTimeSeconds=1633485600 -> '453746h' at x=60
  Label: relativeTimeSeconds=1633492800 -> '453748h' at x=60
  Label: relativeTimeSeconds=1633500000 -> '453750h' at x=60
  Label: relativeTimeSeconds=1633507200 -> '453752h' at x=60
  Label: relativeTimeSeconds=1633514400 -> '453754h' at x=60
  Label: relativeTimeSeconds=1633521600 -> '453756h' at x=60
  Label: relativeTimeSeconds=1633528800 -> '453758h' at x=60
  Label: relativeTimeSeconds=1633536000 -> '453760h' at x=60
  Label: relativeTimeSeconds=1633543200 -> '453762h' at x=60
  Label: relativeTimeSeconds=1633550400 -> '453764h' at x=60
  Label: relativeTimeSeconds=1633557600 -> '453766h' at x=60
  Label: relativeTimeSeconds=1633564800 -> '453768h' at x=60
  Label: relativeTimeSeconds=1633572000 -> '453770h' at x=60
  Label: relativeTimeSeconds=1633579200 -> '453772h' at x=60
  Label: relativeTimeSeconds=1633586400 -> '453774h' at x=60
  Label: relativeTimeSeconds=1633593600 -> '453776h' at x=60
  Label: relativeTimeSeconds=1633600800 -> '453778h' at x=60
  Label: relativeTimeSeconds=1633608000 -> '453780h' at x=60
  Label: relativeTimeSeconds=1633615200 -> '453782h' at x=60
  Label: relativeTimeSeconds=1633622400 -> '453784h' at x=60
  Label: relativeTimeSeconds=1633629600 -> '453786h' at x=60
  Label: relativeTimeSeconds=1633636800 -> '453788h' at x=60
  Label: relativeTimeSeconds=1633644000 -> '453790h' at x=60
  Label: relativeTimeSeconds=1633651200 -> '453792h' at x=60
  Label: relativeTimeSeconds=1633658400 -> '453794h' at x=60
  Label: relativeTimeSeconds=1633665600 -> '453796h' at x=60
  Label: relativeTimeSeconds=1633672800 -> '453798h' at x=60
  Label: relativeTimeSeconds=1633680000 -> '453800h' at x=60
  Label: relativeTimeSeconds=1633687200 -> '453802h' at x=60
  Label: relativeTimeSeconds=1633694400 -> '453804h' at x=60
  Label: relativeTimeSeconds=1633701600 -> '453806h' at x=60
  Label: relativeTimeSeconds=1633708800 -> '453808h' at x=60
  Label: relativeTimeSeconds=1633716000 -> '453810h' at x=60
  Label: relativeTimeSeconds=1633723200 -> '453812h' at x=60
  Label: relativeTimeSeconds=1633730400 -> '453814h' at x=60
  Label: relativeTimeSeconds=1633737600 -> '453816h' at x=60
  Label: relativeTimeSeconds=1633744800 -> '453818h' at x=60
  Label: relativeTimeSeconds=1633752000 -> '453820h' at x=60
  Label: relativeTimeSeconds=1633759200 -> '453822h' at x=60
  Label: relativeTimeSeconds=1633766400 -> '453824h' at x=60
  Label: relativeTimeSeconds=1633773600 -> '453826h' at x=60
  Label: relativeTimeSeconds=1633780800 -> '453828h' at x=60
  Label: relativeTimeSeconds=1633788000 -> '453830h' at x=60
  Label: relativeTimeSeconds=1633795200 -> '453832h' at x=60
  Label: relativeTimeSeconds=1633802400 -> '453834h' at x=60
  Label: relativeTimeSeconds=1633809600 -> '453836h' at x=60
  Label: relativeTimeSeconds=1633816800 -> '453838h' at x=60
  Label: relativeTimeSeconds=1633824000 -> '453840h' at x=60
  Label: relativeTimeSeconds=1633831200 -> '453842h' at x=60
  Label: relativeTimeSeconds=1633838400 -> '453844h' at x=60
  Label: relativeTimeSeconds=1633845600 -> '453846h' at x=60
  Label: relativeTimeSeconds=1633852800 -> '453848h' at x=60
  Label: relativeTimeSeconds=1633860000 -> '453850h' at x=60
  Label: relativeTimeSeconds=1633867200 -> '453852h' at x=60
  Label: relativeTimeSeconds=1633874400 -> '453854h' at x=60
  Label: relativeTimeSeconds=1633881600 -> '453856h' at x=60
  Label: relativeTimeSeconds=1633888800 -> '453858h' at x=60
  Label: relativeTimeSeconds=1633896000 -> '453860h' at x=60
  Label: relativeTimeSeconds=1633903200 -> '453862h' at x=60
  Label: relativeTimeSeconds=1633910400 -> '453864h' at x=60
  Label: relativeTimeSeconds=1633917600 -> '453866h' at x=60
  Label: relativeTimeSeconds=1633924800 -> '453868h' at x=60
  Label: relativeTimeSeconds=1633932000 -> '453870h' at x=60
  Label: relativeTimeSeconds=1633939200 -> '453872h' at x=60
  Label: relativeTimeSeconds=1633946400 -> '453874h' at x=60
  Label: relativeTimeSeconds=1633953600 -> '453876h' at x=60
  Label: relativeTimeSeconds=1633960800 -> '453878h' at x=60
  Label: relativeTimeSeconds=1633968000 -> '453880h' at x=60
  Label: relativeTimeSeconds=1633975200 -> '453882h' at x=60
  Label: relativeTimeSeconds=1633982400 -> '453884h' at x=60
  Label: relativeTimeSeconds=1633989600 -> '453886h' at x=60
  Label: relativeTimeSeconds=1633996800 -> '453888h' at x=60
  Label: relativeTimeSeconds=1634004000 -> '453890h' at x=60
  Label: relativeTimeSeconds=1634011200 -> '453892h' at x=60
  Label: relativeTimeSeconds=1634018400 -> '453894h' at x=60
  Label: relativeTimeSeconds=1634025600 -> '453896h' at x=60
  Label: relativeTimeSeconds=1634032800 -> '453898h' at x=60
  Label: relativeTimeSeconds=1634040000 -> '453900h' at x=60
  Label: relativeTimeSeconds=1634047200 -> '453902h' at x=60
  Label: relativeTimeSeconds=1634054400 -> '453904h' at x=60
  Label: relativeTimeSeconds=1634061600 -> '453906h' at x=60
  Label: relativeTimeSeconds=1634068800 -> '453908h' at x=60
  Label: relativeTimeSeconds=1634076000 -> '453910h' at x=60
  Label: relativeTimeSeconds=1634083200 -> '453912h' at x=60
  Label: relativeTimeSeconds=1634090400 -> '453914h' at x=60
  Label: relativeTimeSeconds=1634097600 -> '453916h' at x=60
  Label: relativeTimeSeconds=1634104800 -> '453918h' at x=60
  Label: relativeTimeSeconds=1634112000 -> '453920h' at x=60
  Label: relativeTimeSeconds=1634119200 -> '453922h' at x=60
  Label: relativeTimeSeconds=1634126400 -> '453924h' at x=60
  Label: relativeTimeSeconds=1634133600 -> '453926h' at x=60
  Label: relativeTimeSeconds=1634140800 -> '453928h' at x=60
  Label: relativeTimeSeconds=1634148000 -> '453930h' at x=60
  Label: relativeTimeSeconds=1634155200 -> '453932h' at x=60
  Label: relativeTimeSeconds=1634162400 -> '453934h' at x=60
  Label: relativeTimeSeconds=1634169600 -> '453936h' at x=60
  Label: relativeTimeSeconds=1634176800 -> '453938h' at x=60
  Label: relativeTimeSeconds=1634184000 -> '453940h' at x=60
  Label: relativeTimeSeconds=1634191200 -> '453942h' at x=60
  Label: relativeTimeSeconds=1634198400 -> '453944h' at x=60
  Label: relativeTimeSeconds=1634205600 -> '453946h' at x=60
  Label: relativeTimeSeconds=1634212800 -> '453948h' at x=60
  Label: relativeTimeSeconds=1634220000 -> '453950h' at x=60
  Label: relativeTimeSeconds=1634227200 -> '453952h' at x=60
  Label: relativeTimeSeconds=1634234400 -> '453954h' at x=60
  Label: relativeTimeSeconds=1634241600 -> '453956h' at x=60
  Label: relativeTimeSeconds=1634248800 -> '453958h' at x=60
  Label: relativeTimeSeconds=1634256000 -> '453960h' at x=60
  Label: relativeTimeSeconds=1634263200 -> '453962h' at x=60
  Label: relativeTimeSeconds=1634270400 -> '453964h' at x=60
  Label: relativeTimeSeconds=1634277600 -> '453966h' at x=60
  Label: relativeTimeSeconds=1634284800 -> '453968h' at x=60
  Label: relativeTimeSeconds=1634292000 -> '453970h' at x=60
  Label: relativeTimeSeconds=1634299200 -> '453972h' at x=60
  Label: relativeTimeSeconds=1634306400 -> '453974h' at x=60
  Label: relativeTimeSeconds=1634313600 -> '453976h' at x=60
  Label: relativeTimeSeconds=1634320800 -> '453978h' at x=60
  Label: relativeTimeSeconds=1634328000 -> '453980h' at x=60
  Label: relativeTimeSeconds=1634335200 -> '453982h' at x=60
  Label: relativeTimeSeconds=1634342400 -> '453984h' at x=60
  Label: relativeTimeSeconds=1634